// Jest Snapshot v1, https://jestjs.io/docs/snapshot-testing

exports[`Test on Home page Should match with snapshot 1`] = `[Function]`;
